10:16:16 **** Build of project system_wrapper ****
buildplatform.bat 63738 system_wrapper  
XSDB Server Channel: tcfchan#10
Failed to generate the platform.
Reason: Error: Qemu arguments File given  D:/Xilinx/Vitis/2021.1/data/emulation/platforms/zynq/sw/a9_standalone/qemu/qemu_args.txt do not exist
    invoked from within
"::tcf::eval -progress {apply {{msg} {puts $msg}}} {tcf_send_command tcfchan#0 xsdb eval s es {{platform active system_wrapper; platform generate }}}"
    (procedure "::tcf::send_command" line 4)
    invoked from within
"tcf send_command $::xsdb::curchan xsdb eval s es [list "platform active $PLATFORM_NAME; platform generate $target"]"
    invoked from within
"if { $iswindows == 1 } {    

    set XSDB_PORT [lindex $argv 0]
    set PLATFORM_NAME [lindex $argv 1]
    set arglen [llength $argv]
    set lastind..."
    (file "C:/Xilinx/Vitis/2021.1\scripts\vitis\util\buildplatform.tcl" line 11)
10:16:19 **** Incremental Build of configuration Debug for project Sw_Ro_Cam ****
make all 
make --no-print-directory pre-build
a9-linaro-pre-build-step
' '
make --no-print-directory main-build
'Building file: ../src/echo.c'
'Invoking: ARM v7 g++ compiler'
arm-none-eabi-g++ -Wall -O0 -g3 -c -fmessage-length=0 -MT"src/echo.o" -mcpu=cortex-a9 -mfpu=vfpv3 -mfloat-abi=hard -IC:/Users/Booh/OneDrive/Documents/FPGA-Cam/Final_Copy/Sw_Ro_Cam/Sw_Ro_Cam/system_wrapper/export/system_wrapper/sw/system_wrapper/standalone_ps7_cortexa9_0/bspinclude/include -MMD -MP -MF"src/echo.d" -MT"src/echo.o" -o "src/echo.o" "../src/echo.c"
../src/echo.c: In function 'err_t recv_callback(void*, tcp_pcb*, pbuf*, err_t)':
../src/echo.c:98:6: warning: unused variable 'i' [-Wunused-variable]
   98 |  int i;
      |      ^
'Finished building: ../src/echo.c'
' '
'Building target: Sw_Ro_Cam.elf'
'Invoking: ARM v7 g++ linker'
arm-none-eabi-g++ -mcpu=cortex-a9 -mfpu=vfpv3 -mfloat-abi=hard -Wl,-build-id=none -specs=Xilinx.spec -Wl,-T -Wl,../src/lscript.ld -LC:/Users/Booh/OneDrive/Documents/FPGA-Cam/Final_Copy/Sw_Ro_Cam/Sw_Ro_Cam/system_wrapper/export/system_wrapper/sw/system_wrapper/standalone_ps7_cortexa9_0/bsplib/lib -o "Sw_Ro_Cam.elf"  ./src/platform/platform.o  ./src/ov5640/OV5640.o  ./src/c_app.o ./src/c_file_wrapper.o ./src/echo.o ./src/i2c_access.o ./src/iic_phyreset.o ./src/main.o ./src/platform.o ./src/platform_mb.o ./src/platform_ppc.o ./src/platform_zynq.o ./src/platform_zynqmp.o ./src/sfp.o ./src/si5324.o  ./.metadata/.plugins/org.eclipse.cdt.make.core/specs.o   -Wl,--start-group,-lxil,-lgcc,-lc,-lstdc++,--end-group -Wl,--start-group,-lxil,-llwip4,-lgcc,-lc,--end-group
'Finished building target: Sw_Ro_Cam.elf'
' '
'Invoking: ARM v7 Print Size'
arm-none-eabi-size Sw_Ro_Cam.elf  |tee "Sw_Ro_Cam.elf.size"
   text	   data	    bss	    dec	    hex	filename
 691925	   3944	5304672	6000541	 5b8f9d	Sw_Ro_Cam.elf
'Finished building: Sw_Ro_Cam.elf.size'
' '
10:16:21 **** Incremental Build of configuration Debug for project Sw_Ro_Cam_system ****
make all 
Generating bif file for the system project
generate_system_bif.bat 63738 C:/Users/Booh/OneDrive/Documents/FPGA-Cam/Final_Copy/Sw_Ro_Cam/Sw_Ro_Cam/system_wrapper/export/system_wrapper/system_wrapper.xpfm standalone_ps7_cortexa9_0 C:/Users/Booh/OneDrive/Documents/FPGA-Cam/Final_Copy/Sw_Ro_Cam/Sw_Ro_Cam/Sw_Ro_Cam_system/Debug/system.bif
sdcard_gen --xpfm C:/Users/Booh/OneDrive/Documents/FPGA-Cam/Final_Copy/Sw_Ro_Cam/Sw_Ro_Cam/system_wrapper/export/system_wrapper/system_wrapper.xpfm --sys_config system_wrapper --bif C:/Users/Booh/OneDrive/Documents/FPGA-Cam/Final_Copy/Sw_Ro_Cam/Sw_Ro_Cam/Sw_Ro_Cam_system/Debug/system.bif --no_bitstream --elf C:/Users/Booh/OneDrive/Documents/FPGA-Cam/Final_Copy/Sw_Ro_Cam/Sw_Ro_Cam/Sw_Ro_Cam/Debug/Sw_Ro_Cam.elf,ps7_cortexa9_0
Running C:/Xilinx/Vitis/2021.1/bin/bootgen  -image C:/Users/Booh/OneDrive/Documents/FPGA-Cam/Final_Copy/Sw_Ro_Cam/Sw_Ro_Cam/Sw_Ro_Cam_system/Debug/sd_card_temp/boot.bif -w -o i BOOT.BIN
