10:16:19 **** Incremental Build of configuration Debug for project Sw_Ro_Cam ****
make all 
make --no-print-directory pre-build
a9-linaro-pre-build-step
' '
make --no-print-directory main-build
'Building file: ../src/echo.c'
'Invoking: ARM v7 g++ compiler'
arm-none-eabi-g++ -Wall -O0 -g3 -c -fmessage-length=0 -MT"src/echo.o" -mcpu=cortex-a9 -mfpu=vfpv3 -mfloat-abi=hard -IC:/Users/Booh/OneDrive/Documents/FPGA-Cam/Final_Copy/Sw_Ro_Cam/Sw_Ro_Cam/system_wrapper/export/system_wrapper/sw/system_wrapper/standalone_ps7_cortexa9_0/bspinclude/include -MMD -MP -MF"src/echo.d" -MT"src/echo.o" -o "src/echo.o" "../src/echo.c"
../src/echo.c: In function 'err_t recv_callback(void*, tcp_pcb*, pbuf*, err_t)':
../src/echo.c:98:6: warning: unused variable 'i' [-Wunused-variable]
   98 |  int i;
      |      ^
'Finished building: ../src/echo.c'
' '
'Building target: Sw_Ro_Cam.elf'
'Invoking: ARM v7 g++ linker'
arm-none-eabi-g++ -mcpu=cortex-a9 -mfpu=vfpv3 -mfloat-abi=hard -Wl,-build-id=none -specs=Xilinx.spec -Wl,-T -Wl,../src/lscript.ld -LC:/Users/Booh/OneDrive/Documents/FPGA-Cam/Final_Copy/Sw_Ro_Cam/Sw_Ro_Cam/system_wrapper/export/system_wrapper/sw/system_wrapper/standalone_ps7_cortexa9_0/bsplib/lib -o "Sw_Ro_Cam.elf"  ./src/platform/platform.o  ./src/ov5640/OV5640.o  ./src/c_app.o ./src/c_file_wrapper.o ./src/echo.o ./src/i2c_access.o ./src/iic_phyreset.o ./src/main.o ./src/platform.o ./src/platform_mb.o ./src/platform_ppc.o ./src/platform_zynq.o ./src/platform_zynqmp.o ./src/sfp.o ./src/si5324.o  ./.metadata/.plugins/org.eclipse.cdt.make.core/specs.o   -Wl,--start-group,-lxil,-lgcc,-lc,-lstdc++,--end-group -Wl,--start-group,-lxil,-llwip4,-lgcc,-lc,--end-group
'Finished building target: Sw_Ro_Cam.elf'
' '
'Invoking: ARM v7 Print Size'
arm-none-eabi-size Sw_Ro_Cam.elf  |tee "Sw_Ro_Cam.elf.size"
   text	   data	    bss	    dec	    hex	filename
 691925	   3944	5304672	6000541	 5b8f9d	Sw_Ro_Cam.elf
'Finished building: Sw_Ro_Cam.elf.size'
' '

10:16:20 Build Finished (took 1s.885ms)

